Microchip MPLAB XC8 Compiler V2.46

Linker command line:

-W-3 \
  --edf=C:\Program Files\Microchip\xc8\v2.46\pic\dat\20240104201356_en.msgs \
  -cn -h+dist/default/production\MyFirstMCU.X.production.sym \
  --cmf=dist/default/production\MyFirstMCU.X.production.cmf -z -Q16F886 \
  -oC:\Users\micha\AppData\Local\Temp\xcAsmr0.\driver_tmp_3.o \
  --defsym=__MPLAB_BUILD=1 --fixupoverflow=error \
  -Mdist/default/production/MyFirstMCU.X.production.map \
  --md=C:\Users\micha\AppData\Local\Temp\xcAsmr0.\driver_tmp_0.dat -E1 \
  -ver=XC8 Compiler --acfsm=1493 -ACODE=00h-07FFhx4 -ASTRCODE=00h-01FFFh \
  -ASTRING=00h-0FFhx32 -ACONST=00h-0FFhx32 -AENTRY=00h-0FFhx32 \
  -ACOMMON=070h-07Fh -ABANK0=020h-06Fh -ABANK1=0A0h-0EFh \
  -ABANK2=0110h-016Fh -ABANK3=0190h-01EFh \
  -ARAM=020h-06Fh,0A0h-0EFh,0110h-016Fh,0190h-01EFh \
  -AABS1=020h-07Fh,0A0h-0EFh,0110h-016Fh,0190h-01EFh -ASFR0=00h-01Fh \
  -ASFR1=080h-09Fh -ASFR2=0100h-010Fh -ASFR3=0180h-018Fh \
  -ACONFIG=02007h-02008h -DCONFIG=2 -AIDLOC=02000h-02003h -DIDLOC=2 \
  -AEEDATA=00h-0FFh/02100h -peeprom_data=EEDATA -DEEDATA=2 -DCODE=2 \
  -DSTRCODE=2 -DSTRING=2 -DCONST=2 -DENTRY=2 \
  -preset_vec=00h,intentry,sivt,init,end_init -ppowerup=CODE -pcinit=CODE \
  -pfunctab=ENTRY -k \
  C:\Users\micha\AppData\Local\Temp\xcAsmr0.\driver_tmp_12.o \
  dist/default/production\MyFirstMCU.X.production.o 

Object code version is 3.11

Machine type is 16F886



                Name                               Link     Load   Length Selector   Space Scale
C:\Users\micha\AppData\Local\Temp\xcAsmr0.\driver_tmp_12.o
                end_init                              0        0        3        0       0
                config                             2007     2007        2        0       4
dist/default/production\MyFirstMCU.X.production.o
                cinit                               7DA      7DA       26      FB4       0
                config                             2007     2007        2        0       4
                text24                              800      800        C      FB4       0
                text23                             17F2     17F2        E     2FE4       0
                text22                              948      948       57     1290       0
                text21                              99F      99F       6D     133E       0
                text20                                8        8       66       10       0
                text19                              8F4      8F4       54     11E8       0
                text18                              BAB      BAB       B1     1756       0
                text17                              B09      B09       A2     1612       0
                text16                              873      873       27     10E6       0
                text15                              495      495      345      92A       0
                text14                             17E7     17E7        B     2FCE       0
                text13                              23D      23D      258      47A       0
                text12                              84F      84F       24     109E       0
                text11                              A0C      A0C       76     1418       0
                text10                              C5C      C5C       B8     18B8       0
                text9                               DD0      DD0       F7     1BA0       0
                text8                               89A      89A       2A     1134       0
                text7                               80C      80C       12     1018       0
                text6                               A82      A82       87     1504       0
                text5                               81E      81E       16     103C       0
                text4                               834      834       1B     1068       0
                text3                                6E       6E      1CF       DC       0
                text2                               8C4      8C4       30     1188       0
                text1                               EC7      EC7      139     1D8E       0
                maintext                            D14      D14       BC     1A28       0
                cstackBANK0                          20       20       47       20       1
                cstackCOMMON                         70       70        E       70       1
                bssBANK1                             A0       A0        D       A0       1
                dataBANK0                            6C       6C        2       20       1
                bssBANK0                             67       67        5       20       1
                idataBANK0                            6        6        2        C       0

TOTAL           Name                               Link     Load   Length     Space
        CLASS   CODE           
                end_init                              0        0        3         0
                cinit                               7DA      7DA       26         0
                text24                              800      800        C         0
                text23                             17F2     17F2        E         0
                text22                              948      948       57         0
                text21                              99F      99F       6D         0
                text20                                8        8       66         0
                text19                              8F4      8F4       54         0
                text18                              BAB      BAB       B1         0
                text17                              B09      B09       A2         0
                text16                              873      873       27         0
                text15                              495      495      345         0
                text14                             17E7     17E7        B         0
                text13                              23D      23D      258         0
                text12                              84F      84F       24         0
                text11                              A0C      A0C       76         0
                text10                              C5C      C5C       B8         0
                text9                               DD0      DD0       F7         0
                text8                               89A      89A       2A         0
                text7                               80C      80C       12         0
                text6                               A82      A82       87         0
                text5                               81E      81E       16         0
                text4                               834      834       1B         0
                text3                                6E       6E      1CF         0
                text2                               8C4      8C4       30         0
                text1                               EC7      EC7      139         0
                maintext                            D14      D14       BC         0
                idataBANK0                            6        6        2         0

        CLASS   STRCODE        

        CLASS   STRING         

        CLASS   CONST          

        CLASS   ENTRY          

        CLASS   COMMON         
                cstackCOMMON                         70       70        E         1

        CLASS   BANK0          
                cstackBANK0                          20       20       47         1
                dataBANK0                            6C       6C        2         1
                bssBANK0                             67       67        5         1

        CLASS   BANK1          
                bssBANK1                             A0       A0        D         1

        CLASS   BANK2          

        CLASS   BANK3          

        CLASS   RAM            

        CLASS   ABS1           
                abs_s1                               7E       7E        2         1

        CLASS   SFR0           

        CLASS   SFR1           

        CLASS   SFR2           

        CLASS   SFR3           

        CLASS   CONFIG         
                config                             2007     2007        2         4

        CLASS   IDLOC          

        CLASS   EEDATA         

        CLASS   HEAP           

        CLASS   STACK          



SEGMENTS        Name                           Load    Length   Top    Selector   Space  Class     Delta

                reset_vec                      000000  000003  000003         0       0  CODE        2
                idataBANK0                     000006  000002  000008         C       0  CODE        2
                text20                         000008  000066  00006E        10       0  CODE        2
                cstackBANK0                    000020  00004E  00006E        20       1  BANK0       1
                cstackCOMMON                   000070  00000E  00007E        70       1  COMMON      1
                bssBANK1                       0000A0  00000D  0000AD        A0       1  BANK1       1
                text3                          00006E  0001CF  00023D        DC       0  CODE        2
                text13                         00023D  000258  000495       47A       0  CODE        2
                text15                         000495  000345  0007DA       92A       0  CODE        2
                cinit                          0007DA  000032  00080C       FB4       0  CODE        2
                text7                          00080C  000012  00081E      1018       0  CODE        2
                text5                          00081E  000016  000834      103C       0  CODE        2
                text4                          000834  00001B  00084F      1068       0  CODE        2
                text12                         00084F  000024  000873      109E       0  CODE        2
                text16                         000873  000027  00089A      10E6       0  CODE        2
                text8                          00089A  00002A  0008C4      1134       0  CODE        2
                text2                          0008C4  000030  0008F4      1188       0  CODE        2
                text19                         0008F4  000054  000948      11E8       0  CODE        2
                text22                         000948  000057  00099F      1290       0  CODE        2
                text21                         00099F  00006D  000A0C      133E       0  CODE        2
                text11                         000A0C  000076  000A82      1418       0  CODE        2
                text6                          000A82  000087  000B09      1504       0  CODE        2
                text17                         000B09  0000A2  000BAB      1612       0  CODE        2
                text18                         000BAB  0000B1  000C5C      1756       0  CODE        2
                text10                         000C5C  0000B8  000D14      18B8       0  CODE        2
                maintext                       000D14  0000BC  000DD0      1A28       0  CODE        2
                text9                          000DD0  0000F7  000EC7      1BA0       0  CODE        2
                text1                          000EC7  000139  001000      1D8E       0  CODE        2
                text14                         0017E7  00000B  0017F2      2FCE       0  CODE        2
                text23                         0017F2  00000E  001800      2FE4       0  CODE        2


UNUSED ADDRESS RANGES

        Name                Unused          Largest block    Delta
        BANK0            006E-006F              2           1
        BANK1            00AD-00EF             43           1
        BANK2            0110-016F             60           1
        BANK3            0190-01EF             60           1
        CODE             0003-0005              3           2
                         1000-17E6            7E7
                         1800-1FFF            800
        CONST            0003-0005              3           2
                         1000-17E6            100
                         1800-1FFF            100
        EEDATA           2100-21FF            100           2
        ENTRY            0003-0005              3           2
                         1000-17E6            100
                         1800-1FFF            100
        IDLOC            2000-2003              4           2
        RAM              006E-006F              2           1
                         00AD-00EF             43
                         0110-016F             60
                         0190-01EF             60
        SFR0             0000-001F             20           1
        SFR1             0080-009F             20           1
        SFR2             0100-010F             10           1
        SFR3             0180-018F             10           1
        STRCODE          0003-0005              3           2
                         1000-17E6            7E7
                         1800-1FFF            800
        STRING           0003-0005              3           2
                         1000-17E6            100
                         1800-1FFF            100

                                  Symbol Table

?_ADC_Read               cstackCOMMON 0070
?__Umul8_16              cstackCOMMON 0070
?___fladd                cstackBANK0  003A
?___fldiv                cstackBANK0  0020
?___flmul                cstackBANK0  0020
?___flneg                cstackCOMMON 0070
?___flsub                cstackBANK0  004E
?___fltol                cstackCOMMON 0070
?___lldiv                cstackCOMMON 0070
?___llmod                cstackCOMMON 0070
?___xxtofl               cstackCOMMON 0070
?_bit_config             cstackCOMMON 0070
LCD_Float@Bruch          cstackBANK0  0061
LCD_Float@decimal_pos    cstackBANK0  005B
LCD_Float@i              cstackBANK0  005C
LCD_Float@number         cstackBANK0  005D
LCD_Float@positions      cstackBANK0  005A
LCD_Float@value          cstackBANK0  0056
LCD_Goto@data            cstackBANK0  003D
LCD_Goto@pos             cstackCOMMON 007D
LCD_Goto@row             cstackBANK0  003C
LCD_Int@buf              cstackBANK0  0044
LCD_Int@i                cstackBANK0  004C
LCD_Int@positions        cstackBANK0  0040
LCD_Int@value            cstackBANK0  003C
LCD_Int@zeros            cstackBANK0  0041
LCD_Write@RS             cstackCOMMON 007C
LCD_Write@character      cstackBANK0  003A
LCD_Write@data           cstackBANK0  003B
_ADCON0                  (abs)        001F
_ADCON1                  (abs)        009F
_ADC_Init                text24       0800
_ADC_Read                text23       17F2
_ADRESH                  (abs)        001E
_ADRESL                  (abs)        009E
_ANSEL                   (abs)        0188
_ANSELbits               (abs)        0188
_CCP1CONbits             (abs)        0017
_CCPR1L                  (abs)        0015
_GO_nDONE                (abs)        00F9
_INTCON                  (abs)        000B
_LCD_Clear               text7        080C
_LCD_Float               text9        0DD0
_LCD_Goto                text8        089A
_LCD_Init                text6        0A82
_LCD_Int                 text18       0BAB
_LCD_Write               text21       099F
_OPTION_REGbits          (abs)        0081
_PIE1                    (abs)        008C
_PORTAbits               (abs)        0005
_PORTB                   (abs)        0006
_PORTCbits               (abs)        0007
_PR2                     (abs)        0092
_PWM_Init                text5        081E
_T1CON                   (abs)        0010
_T2CONbits               (abs)        0012
_TMR0                    (abs)        0001
_TMR1H                   (abs)        000F
_TMR1IF                  (abs)        0060
_TMR1L                   (abs)        000E
_TMR1ON                  (abs)        0080
_TRISAbits               (abs)        0085
_TRISB                   (abs)        0086
_TRISCbits               (abs)        0087
__H__absolute__          __absolute__ 0000
__Habs1                  abs1         0000
__Hbank0                 bank0        0000
__Hbank1                 bank1        0000
__Hbank2                 bank2        0000
__Hbank3                 bank3        0000
__HbssBANK0              bssBANK0     0000
__HbssBANK1              bssBANK1     0000
__Hcinit                 cinit        0800
__Hclrtext               clrtext      0000
__Hcode                  code         0000
__Hcommon                common       0000
__Hconfig                config       2009
__HcstackBANK0           cstackBANK0  0000
__HcstackCOMMON          cstackCOMMON 0000
__HdataBANK0             dataBANK0    0000
__Heeprom_data           eeprom_data  0000
__Hend_init              end_init     0003
__Hfunctab               functab      0000
__Hheap                  heap         0000
__HidataBANK0            idataBANK0   0000
__Hinit                  init         0000
__Hintentry              intentry     0000
__Hmaintext              maintext     0000
__Hpowerup               powerup      0000
__Hram                   ram          0000
__Hreset_vec             reset_vec    0000
__Hsfr0                  sfr0         0000
__Hsfr1                  sfr1         0000
__Hsfr2                  sfr2         0000
__Hsfr3                  sfr3         0000
__Hsivt                  sivt         0000
__Hspace_0               (abs)        1800
__Hspace_1               (abs)        00AD
__Hspace_2               (abs)        0000
__Hspace_3               (abs)        0000
__Hspace_4               (abs)        4010
__Hstack                 stack        0000
__Hstrings               strings      0000
__Htext                  text         0000
__L__absolute__          __absolute__ 0000
__Labs1                  abs1         0000
__Lbank0                 bank0        0000
__Lbank1                 bank1        0000
__Lbank2                 bank2        0000
__Lbank3                 bank3        0000
__LbssBANK0              bssBANK0     0000
__LbssBANK1              bssBANK1     0000
__Lcinit                 cinit        07DA
__Lclrtext               clrtext      0000
__Lcode                  code         0000
__Lcommon                common       0000
__Lconfig                config       0000
__LcstackBANK0           cstackBANK0  0000
__LcstackCOMMON          cstackCOMMON 0000
__LdataBANK0             dataBANK0    0000
__Leeprom_data           eeprom_data  0000
__Lend_init              end_init     0000
__Lfunctab               functab      0000
__Lheap                  heap         0000
__LidataBANK0            idataBANK0   0000
__Linit                  init         0000
__Lintentry              intentry     0000
__Lmaintext              maintext     0000
__Lpowerup               powerup      0000
__Lram                   ram          0000
__Lreset_vec             reset_vec    0000
__Lsfr0                  sfr0         0000
__Lsfr1                  sfr1         0000
__Lsfr2                  sfr2         0000
__Lsfr3                  sfr3         0000
__Lsivt                  sivt         0000
__Lspace_0               (abs)        0000
__Lspace_1               (abs)        0000
__Lspace_2               (abs)        0000
__Lspace_3               (abs)        0000
__Lspace_4               (abs)        0000
__Lstack                 stack        0000
__Lstrings               strings      0000
__Ltext                  text         0000
__S0                     (abs)        1800
__S1                     (abs)        00AD
__S3                     (abs)        0000
__Umul8_16               text16       0873
__Umul8_16@multiplicand  cstackCOMMON 0070
__Umul8_16@multiplier    cstackCOMMON 0078
__Umul8_16@product       cstackCOMMON 0074
__Umul8_16@word_mpld     cstackCOMMON 0076
___fladd                 text13       023D
___fladd@a               cstackBANK0  003E
___fladd@aexp            cstackBANK0  004B
___fladd@b               cstackBANK0  003A
___fladd@bexp            cstackBANK0  004C
___fladd@grs             cstackBANK0  004D
___fladd@signs           cstackBANK0  004A
___fldiv                 text3        006E
___fldiv@a               cstackBANK0  0020
___fldiv@aexp            cstackBANK0  0039
___fldiv@b               cstackBANK0  0024
___fldiv@bexp            cstackBANK0  0038
___fldiv@grs             cstackBANK0  0034
___fldiv@new_exp         cstackBANK0  0032
___fldiv@rem             cstackBANK0  002D
___fldiv@sign            cstackBANK0  0031
___flge                  text17       0B09
___flge@ff1              cstackCOMMON 0070
___flge@ff2              cstackCOMMON 0074
___flmul                 text15       0495
___flmul@a               cstackBANK0  0024
___flmul@aexp            cstackBANK0  002D
___flmul@b               cstackBANK0  0020
___flmul@bexp            cstackBANK0  002E
___flmul@grs             cstackBANK0  0029
___flmul@prod            cstackBANK0  002F
___flmul@sign            cstackBANK0  0028
___flmul@temp            cstackBANK0  0033
___flneg                 text14       17E7
___flneg@f1              cstackCOMMON 0070
___flsub                 text12       084F
___flsub@a               cstackBANK0  004E
___flsub@b               cstackBANK0  0052
___fltol                 text11       0A0C
___fltol@exp1            cstackCOMMON 0079
___fltol@f1              cstackCOMMON 0070
___fltol@sign1           cstackCOMMON 0078
___heap_hi               (abs)        0000
___heap_lo               (abs)        0000
___int_sp                stack        0000
___int_stack_hi          stack        0000
___int_stack_lo          stack        0000
___latbits               (abs)        0002
___lldiv                 text20       0008
___lldiv@counter         cstackCOMMON 007D
___lldiv@dividend        cstackCOMMON 0074
___lldiv@divisor         cstackCOMMON 0070
___lldiv@quotient        cstackCOMMON 0079
___llmod                 text19       08F4
___llmod@counter         cstackCOMMON 0079
___llmod@dividend        cstackCOMMON 0074
___llmod@divisor         cstackCOMMON 0070
___sp                    stack        0000
___stack_hi              stack        0000
___stack_lo              stack        0000
___stackhi               (abs)        0000
___stacklo               (abs)        0000
___xxtofl                text10       0C5C
___xxtofl@arg            cstackCOMMON 007A
___xxtofl@exp            cstackCOMMON 0079
___xxtofl@sign           cstackCOMMON 0078
___xxtofl@val            cstackCOMMON 0070
__end_of_ADC_Init        text24       080C
__end_of_ADC_Read        text23       1800
__end_of_LCD_Clear       text7        081E
__end_of_LCD_Float       text9        0EC7
__end_of_LCD_Goto        text8        08C4
__end_of_LCD_Init        text6        0B09
__end_of_LCD_Int         text18       0C5C
__end_of_LCD_Write       text21       0A0C
__end_of_PWM_Init        text5        0834
__end_of__Umul8_16       text16       089A
__end_of___fladd         text13       0495
__end_of___fldiv         text3        023D
__end_of___flge          text17       0BAB
__end_of___flmul         text15       07DA
__end_of___flneg         text14       17F2
__end_of___flsub         text12       0873
__end_of___fltol         text11       0A82
__end_of___lldiv         text20       006E
__end_of___llmod         text19       0948
__end_of___xxtofl        text10       0D14
__end_of__initialization cinit        07FC
__end_of_bit_config      text22       099F
__end_of_dht11_config    text4        084F
__end_of_dht11_read      text1        1000
__end_of_dht11_read_byte text2        08F4
__end_of_main            maintext     0DD0
__initialization         cinit        07DA
__pbssBANK0              bssBANK0     0067
__pbssBANK1              bssBANK1     00A0
__pcstackBANK0           cstackBANK0  0020
__pcstackCOMMON          cstackCOMMON 0070
__pdataBANK0             dataBANK0    006C
__pidataBANK0            idataBANK0   0006
__pmaintext              maintext     0D14
__ptext1                 text1        0EC7
__ptext10                text10       0C5C
__ptext11                text11       0A0C
__ptext12                text12       084F
__ptext13                text13       023D
__ptext14                text14       17E7
__ptext15                text15       0495
__ptext16                text16       0873
__ptext17                text17       0B09
__ptext18                text18       0BAB
__ptext19                text19       08F4
__ptext2                 text2        08C4
__ptext20                text20       0008
__ptext21                text21       099F
__ptext22                text22       0948
__ptext23                text23       17F2
__ptext24                text24       0800
__ptext3                 text3        006E
__ptext4                 text4        0834
__ptext5                 text5        081E
__ptext6                 text6        0A82
__ptext7                 text7        080C
__ptext8                 text8        089A
__ptext9                 text9        0DD0
_bit_config              text22       0948
_dht11_aux               bssBANK0     006B
_dht11_byte              bssBANK1     00A0
_dht11_config            text4        0834
_dht11_read              text1        0EC7
_dht11_read_byte         text2        08C4
_duty_cycle              bssBANK0     0069
_hum                     bssBANK1     00A9
_led_on                  dataBANK0    006C
_main                    maintext     0D14
_pot_value               bssBANK0     0067
_temp                    bssBANK1     00A5
bit_config@bit_number    cstackCOMMON 0074
bit_config@bit_value     cstackCOMMON 0078
bit_config@word          cstackCOMMON 0070
bit_config@word_temp     cstackBANK0  002E
btemp                    (abs)        007E
dht11_read@i             cstackBANK0  0058
dht11_read@phum          cstackBANK0  0057
dht11_read@ptemp         cstackBANK0  004E
dht11_read_byte@i        cstackCOMMON 0070
end_of_initialization    cinit        07FC
intlevel0                functab      0000
intlevel1                functab      0000
intlevel2                functab      0000
intlevel3                functab      0000
intlevel4                functab      0000
intlevel5                functab      0000
reset_vec                reset_vec    0000
start                    init         0000
start_initialization     cinit        07DA
wtemp0                   (abs)        007E


MODULE INFORMATION

Module		Function		Class		Link	Load	Size
C:\Program Files\Microchip\xc8\v2.46\pic\sources\c99\common\fltol.c
		___fltol       		CODE           	0A0C	0000	118

C:\Program Files\Microchip\xc8\v2.46\pic\sources\c99\common\fltol.c estimated size: 118

C:\Program Files\Microchip\xc8\v2.46\pic\sources\c99\common\Umul8_16.c
		__Umul8_16     		CODE           	0873	0000	39

C:\Program Files\Microchip\xc8\v2.46\pic\sources\c99\common\Umul8_16.c estimated size: 39

C:\Program Files\Microchip\xc8\v2.46\pic\sources\c99\common\xxtofl.c
		___xxtofl      		CODE           	0C5C	0000	184

C:\Program Files\Microchip\xc8\v2.46\pic\sources\c99\common\xxtofl.c estimated size: 184

C:\Program Files\Microchip\xc8\v2.46\pic\sources\c99\common\flneg.c
		___flneg       		CODE           	17E7	0000	11

C:\Program Files\Microchip\xc8\v2.46\pic\sources\c99\common\flneg.c estimated size: 11

C:\Program Files\Microchip\xc8\v2.46\pic\sources\c99\common\sprcmul.c
		___flmul       		CODE           	0495	0000	837

C:\Program Files\Microchip\xc8\v2.46\pic\sources\c99\common\sprcmul.c estimated size: 837

C:\Program Files\Microchip\xc8\v2.46\pic\sources\c99\common\sprcdiv.c
		___fldiv       		CODE           	006E	0000	463

C:\Program Files\Microchip\xc8\v2.46\pic\sources\c99\common\sprcdiv.c estimated size: 463

shared
		__initialization		CODE           	07DA	0000	34

shared estimated size: 34

C:\Program Files\Microchip\xc8\v2.46\pic\sources\c99\common\__lldiv.c
		___lldiv       		CODE           	0008	0000	102

C:\Program Files\Microchip\xc8\v2.46\pic\sources\c99\common\__lldiv.c estimated size: 102

lcd_msd.c
		_LCD_Init      		CODE           	0A82	0000	135
		_bit_config    		CODE           	0948	0000	87
		_LCD_Clear     		CODE           	080C	0000	18
		_LCD_Int       		CODE           	0BAB	0000	177
		_LCD_Goto      		CODE           	089A	0000	42
		_LCD_Write     		CODE           	099F	0000	109
		_LCD_Float     		CODE           	0DD0	0000	247

lcd_msd.c estimated size: 815

C:\Program Files\Microchip\xc8\v2.46\pic\sources\c99\common\sprcadd.c
		___flsub       		CODE           	084F	0000	36
		___fladd       		CODE           	023D	0000	600

C:\Program Files\Microchip\xc8\v2.46\pic\sources\c99\common\sprcadd.c estimated size: 636

dht11.c
		_dht11_read    		CODE           	0EC7	0000	313
		_dht11_read_byte		CODE           	08C4	0000	48
		_dht11_config  		CODE           	0834	0000	27

dht11.c estimated size: 388

C:\Program Files\Microchip\xc8\v2.46\pic\sources\c99\common\llmod.c
		___llmod       		CODE           	08F4	0000	84

C:\Program Files\Microchip\xc8\v2.46\pic\sources\c99\common\llmod.c estimated size: 84

main.c
		_main          		CODE           	0D14	0000	188
		_ADC_Read      		CODE           	17F2	0000	14
		_PWM_Init      		CODE           	081E	0000	22
		_ADC_Init      		CODE           	0800	0000	12

main.c estimated size: 236

C:\Program Files\Microchip\xc8\v2.46\pic\sources\c99\common\flge.c
		___flge        		CODE           	0B09	0000	162

C:\Program Files\Microchip\xc8\v2.46\pic\sources\c99\common\flge.c estimated size: 162

