Microchip MPLAB XC8 Compiler V2.46

Linker command line:

-W-3 \
  --edf=C:\Program Files\Microchip\xc8\v2.46\pic\dat\20240104201356_en.msgs \
  -cn -h+dist/default/production\MyFirstMCU.X.production.sym \
  --cmf=dist/default/production\MyFirstMCU.X.production.cmf -z -Q16F886 \
  -oC:\Users\micha\AppData\Local\Temp\xcAsp9k.\driver_tmp_3.o \
  --defsym=__MPLAB_BUILD=1 --fixupoverflow=error \
  -Mdist/default/production/MyFirstMCU.X.production.map \
  --md=C:\Users\micha\AppData\Local\Temp\xcAsp9k.\driver_tmp_0.dat -E1 \
  -ver=XC8 Compiler --acfsm=1493 -ACODE=00h-07FFhx4 -ASTRCODE=00h-01FFFh \
  -ASTRING=00h-0FFhx32 -ACONST=00h-0FFhx32 -AENTRY=00h-0FFhx32 \
  -ACOMMON=070h-07Fh -ABANK0=020h-06Fh -ABANK1=0A0h-0EFh \
  -ABANK2=0110h-016Fh -ABANK3=0190h-01EFh \
  -ARAM=020h-06Fh,0A0h-0EFh,0110h-016Fh,0190h-01EFh \
  -AABS1=020h-07Fh,0A0h-0EFh,0110h-016Fh,0190h-01EFh -ASFR0=00h-01Fh \
  -ASFR1=080h-09Fh -ASFR2=0100h-010Fh -ASFR3=0180h-018Fh \
  -ACONFIG=02007h-02008h -DCONFIG=2 -AIDLOC=02000h-02003h -DIDLOC=2 \
  -AEEDATA=00h-0FFh/02100h -peeprom_data=EEDATA -DEEDATA=2 -DCODE=2 \
  -DSTRCODE=2 -DSTRING=2 -DCONST=2 -DENTRY=2 \
  -preset_vec=00h,intentry=04h,sivt,init,end_init -ppowerup=CODE \
  -pcinit=CODE -pfunctab=ENTRY -k \
  C:\Users\micha\AppData\Local\Temp\xcAsp9k.\driver_tmp_12.o \
  dist/default/production\MyFirstMCU.X.production.o 

Object code version is 3.11

Machine type is 16F886



                Name                               Link     Load   Length Selector   Space Scale
C:\Users\micha\AppData\Local\Temp\xcAsp9k.\driver_tmp_12.o
                end_init                              C        C        3        8       0
                reset_vec                             0        0        3        0       0
                config                             2007     2007        2        0       4
dist/default/production\MyFirstMCU.X.production.o
                cinit                                 F        F       20        8       0
                intentry                              4        4        8        8       0
                config                             2007     2007        2        0       4
                text25                             1798     1798       13     2F30       0
                text24                             177A     177A        C     2EF4       0
                text23                              7F2      7F2        E        8       0
                text22                              79B      79B       57        8       0
                text21                              947      947       6D     128E       0
                text20                              8DF      8DF       68     11BE       0
                text19                              889      889       56     1112       0
                text18                              B57      B57       B1     16AE       0
                text17                              AB3      AB3       A4     1566       0
                text16                              806      806       29     100C       0
                text15                               2F       2F      345        8       0
                text14                             176F     176F        B     2EDE       0
                text13                              374      374      258        8       0
                text12                             17DC     17DC       24     2FB8       0
                text11                              9B4      9B4       78     1368       0
                text10                              C08      C08       BA     1810       0
                text9                               CC2      CC2       F7     1984       0
                text8                               82F      82F       2A     105E       0
                text7                              1786     1786       12     2F0C       0
                text6                               A2C      A2C       87     1458       0
                text5                              17AB     17AB       16     2F56       0
                text4                              17C1     17C1       1B     2F82       0
                text3                               5CC      5CC      1CF        8       0
                text2                               859      859       30     10B2       0
                text1                               EC7      EC7      139     1D8E       0
                maintext                            DB9      DB9      10E     1B72       0
                cstackBANK0                          20       20       4D       20       1
                cstackCOMMON                         70       70        A       70       1
                clrtext                            1767     1767        8     2ECE       0
                bssBANK1                             A0       A0       15       A0       1
                dataBANK0                            6E       6E        1       20       1
                bssBANK0                             6D       6D        1       20       1
                dataCOMMON                           7A       7A        2       70       1
                idataBANK0                            3        3        1        0       0
                idataCOMMON                         804      804        2     1008       0

TOTAL           Name                               Link     Load   Length     Space
        CLASS   CODE           
                end_init                              C        C        3         0
                cinit                                 F        F       20         0
                intentry                              4        4        8         0
                reset_vec                             0        0        3         0
                text25                             1798     1798       13         0
                text24                             177A     177A        C         0
                text23                              7F2      7F2        E         0
                text22                              79B      79B       57         0
                text21                              947      947       6D         0
                text20                              8DF      8DF       68         0
                text19                              889      889       56         0
                text18                              B57      B57       B1         0
                text17                              AB3      AB3       A4         0
                text16                              806      806       29         0
                text15                               2F       2F      345         0
                text14                             176F     176F        B         0
                text13                              374      374      258         0
                text12                             17DC     17DC       24         0
                text11                              9B4      9B4       78         0
                text10                              C08      C08       BA         0
                text9                               CC2      CC2       F7         0
                text8                               82F      82F       2A         0
                text7                              1786     1786       12         0
                text6                               A2C      A2C       87         0
                text5                              17AB     17AB       16         0
                text4                              17C1     17C1       1B         0
                text3                               5CC      5CC      1CF         0
                text2                               859      859       30         0
                text1                               EC7      EC7      139         0
                maintext                            DB9      DB9      10E         0
                clrtext                            1767     1767        8         0
                idataBANK0                            3        3        1         0
                idataCOMMON                         804      804        2         0

        CLASS   STRCODE        

        CLASS   STRING         

        CLASS   CONST          

        CLASS   ENTRY          

        CLASS   COMMON         
                cstackCOMMON                         70       70        A         1
                dataCOMMON                           7A       7A        2         1

        CLASS   BANK0          
                cstackBANK0                          20       20       4D         1
                dataBANK0                            6E       6E        1         1
                bssBANK0                             6D       6D        1         1

        CLASS   BANK1          
                bssBANK1                             A0       A0       15         1

        CLASS   BANK2          

        CLASS   BANK3          

        CLASS   RAM            

        CLASS   ABS1           
                abs_s1                               7E       7E        2         1

        CLASS   SFR0           

        CLASS   SFR1           

        CLASS   SFR2           

        CLASS   SFR3           

        CLASS   CONFIG         
                config                             2007     2007        2         4

        CLASS   IDLOC          

        CLASS   EEDATA         

        CLASS   HEAP           

        CLASS   STACK          



SEGMENTS        Name                           Load    Length   Top    Selector   Space  Class     Delta

                reset_vec                      000000  000004  000004         0       0  CODE        2
                intentry                       000004  0007FC  000800         8       0  CODE        2
                cstackBANK0                    000020  00004F  00006F        20       1  BANK0       1
                cstackCOMMON                   000070  00000C  00007C        70       1  COMMON      1
                bssBANK1                       0000A0  000015  0000B5        A0       1  BANK1       1
                idataCOMMON                    000804  000002  000806      1008       0  CODE        2
                text16                         000806  000029  00082F      100C       0  CODE        2
                text8                          00082F  00002A  000859      105E       0  CODE        2
                text2                          000859  000030  000889      10B2       0  CODE        2
                text19                         000889  000056  0008DF      1112       0  CODE        2
                text20                         0008DF  000068  000947      11BE       0  CODE        2
                text21                         000947  00006D  0009B4      128E       0  CODE        2
                text11                         0009B4  000078  000A2C      1368       0  CODE        2
                text6                          000A2C  000087  000AB3      1458       0  CODE        2
                text17                         000AB3  0000A4  000B57      1566       0  CODE        2
                text18                         000B57  0000B1  000C08      16AE       0  CODE        2
                text10                         000C08  0000BA  000CC2      1810       0  CODE        2
                text9                          000CC2  0000F7  000DB9      1984       0  CODE        2
                maintext                       000DB9  00010E  000EC7      1B72       0  CODE        2
                text1                          000EC7  000139  001000      1D8E       0  CODE        2
                clrtext                        001767  000008  00176F      2ECE       0  CODE        2
                text14                         00176F  00000B  00177A      2EDE       0  CODE        2
                text24                         00177A  00000C  001786      2EF4       0  CODE        2
                text7                          001786  000012  001798      2F0C       0  CODE        2
                text25                         001798  000013  0017AB      2F30       0  CODE        2
                text5                          0017AB  000016  0017C1      2F56       0  CODE        2
                text4                          0017C1  00001B  0017DC      2F82       0  CODE        2
                text12                         0017DC  000024  001800      2FB8       0  CODE        2


UNUSED ADDRESS RANGES

        Name                Unused          Largest block    Delta
        BANK0            006F-006F              1           1
        BANK1            00B5-00EF             3B           1
        BANK2            0110-016F             60           1
        BANK3            0190-01EF             60           1
        CODE             0800-0803              4           2
                         1000-1766            767
                         1800-1FFF            800
        COMMON           007C-007D              2           1
        CONST            0800-0803              4           2
                         1000-1766            100
                         1800-1FFF            100
        EEDATA           2100-21FF            100           2
        ENTRY            0800-0803              4           2
                         1000-1766            100
                         1800-1FFF            100
        IDLOC            2000-2003              4           2
        RAM              006F-006F              1           1
                         00B5-00EF             3B
                         0110-016F             60
                         0190-01EF             60
        SFR0             0000-001F             20           1
        SFR1             0080-009F             20           1
        SFR2             0100-010F             10           1
        SFR3             0180-018F             10           1
        STRCODE          0800-0803              4           2
                         1000-1766            767
                         1800-1FFF            800
        STRING           0800-0803              4           2
                         1000-1766            100
                         1800-1FFF            100

                                  Symbol Table

?_ADC_Read               cstackCOMMON 0072
?__Umul8_16              cstackCOMMON 0072
?___fladd                cstackBANK0  0040
?___fldiv                cstackBANK0  0026
?___flmul                cstackBANK0  0025
?___flneg                cstackCOMMON 0072
?___flsub                cstackBANK0  0054
?___fltol                cstackCOMMON 0072
?___lldiv                cstackCOMMON 0072
?___llmod                cstackCOMMON 0072
?___xxtofl               cstackCOMMON 0072
?_bit_config             cstackBANK0  0020
LCD_Float@Bruch          cstackBANK0  0067
LCD_Float@decimal_pos    cstackBANK0  0061
LCD_Float@i              cstackBANK0  0062
LCD_Float@number         cstackBANK0  0063
LCD_Float@positions      cstackBANK0  0060
LCD_Float@value          cstackBANK0  005C
LCD_Goto@data            cstackBANK0  0043
LCD_Goto@pos             cstackCOMMON 0079
LCD_Goto@row             cstackBANK0  0042
LCD_Int@buf              cstackBANK0  004A
LCD_Int@i                cstackBANK0  0052
LCD_Int@positions        cstackBANK0  0046
LCD_Int@value            cstackBANK0  0042
LCD_Int@zeros            cstackBANK0  0047
LCD_Write@RS             cstackCOMMON 0076
LCD_Write@character      cstackCOMMON 0077
LCD_Write@data           cstackCOMMON 0078
_ADCON0                  (abs)        001F
_ADCON1                  (abs)        009F
_ADC_Init                text24       177A
_ADC_Read                text23       07F2
_ADRESH                  (abs)        001E
_ADRESL                  (abs)        009E
_ANSEL                   (abs)        0188
_ANSELbits               (abs)        0188
_CCP1CONbits             (abs)        0017
_CCPR1L                  (abs)        0015
_GO_nDONE                (abs)        00F9
_INTCON                  (abs)        000B
_LCD_Clear               text7        1786
_LCD_Float               text9        0CC2
_LCD_Goto                text8        082F
_LCD_Init                text6        0A2C
_LCD_Int                 text18       0B57
_LCD_Write               text21       0947
_OPTION_REGbits          (abs)        0081
_PIE1                    (abs)        008C
_PORTAbits               (abs)        0005
_PORTB                   (abs)        0006
_PORTCbits               (abs)        0007
_PR2                     (abs)        0092
_PWM_Init                text5        17AB
_T1CON                   (abs)        0010
_T2CONbits               (abs)        0012
_TMR0                    (abs)        0001
_TMR1H                   (abs)        000F
_TMR1IF                  (abs)        0060
_TMR1L                   (abs)        000E
_TMR1ON                  (abs)        0080
_TRISAbits               (abs)        0085
_TRISB                   (abs)        0086
_TRISCbits               (abs)        0087
__H__absolute__          __absolute__ 0000
__Habs1                  abs1         0000
__Hbank0                 bank0        0000
__Hbank1                 bank1        0000
__Hbank2                 bank2        0000
__Hbank3                 bank3        0000
__HbssBANK0              bssBANK0     0000
__HbssBANK1              bssBANK1     0000
__Hcinit                 cinit        002F
__Hclrtext               clrtext      0000
__Hcode                  code         0000
__Hcommon                common       0000
__Hconfig                config       2009
__HcstackBANK0           cstackBANK0  0000
__HcstackCOMMON          cstackCOMMON 0000
__HdataBANK0             dataBANK0    0000
__HdataCOMMON            dataCOMMON   0000
__Heeprom_data           eeprom_data  0000
__Hend_init              end_init     000F
__Hfunctab               functab      0000
__Hheap                  heap         0000
__HidataBANK0            idataBANK0   0000
__HidataCOMMON           idataCOMMON  0000
__Hinit                  init         000C
__Hintentry              intentry     000C
__Hmaintext              maintext     0000
__Hpowerup               powerup      0000
__Hram                   ram          0000
__Hreset_vec             reset_vec    0003
__Hsfr0                  sfr0         0000
__Hsfr1                  sfr1         0000
__Hsfr2                  sfr2         0000
__Hsfr3                  sfr3         0000
__Hsivt                  sivt         000C
__Hspace_0               (abs)        1800
__Hspace_1               (abs)        00B5
__Hspace_2               (abs)        0000
__Hspace_3               (abs)        0000
__Hspace_4               (abs)        4010
__Hstack                 stack        0000
__Hstrings               strings      0000
__Htext                  text         0000
__L__absolute__          __absolute__ 0000
__Labs1                  abs1         0000
__Lbank0                 bank0        0000
__Lbank1                 bank1        0000
__Lbank2                 bank2        0000
__Lbank3                 bank3        0000
__LbssBANK0              bssBANK0     0000
__LbssBANK1              bssBANK1     0000
__Lcinit                 cinit        000F
__Lclrtext               clrtext      0000
__Lcode                  code         0000
__Lcommon                common       0000
__Lconfig                config       0000
__LcstackBANK0           cstackBANK0  0000
__LcstackCOMMON          cstackCOMMON 0000
__LdataBANK0             dataBANK0    0000
__LdataCOMMON            dataCOMMON   0000
__Leeprom_data           eeprom_data  0000
__Lend_init              end_init     000C
__Lfunctab               functab      0000
__Lheap                  heap         0000
__LidataBANK0            idataBANK0   0000
__LidataCOMMON           idataCOMMON  0000
__Linit                  init         000C
__Lintentry              intentry     0004
__Lmaintext              maintext     0000
__Lpowerup               powerup      0000
__Lram                   ram          0000
__Lreset_vec             reset_vec    0000
__Lsfr0                  sfr0         0000
__Lsfr1                  sfr1         0000
__Lsfr2                  sfr2         0000
__Lsfr3                  sfr3         0000
__Lsivt                  sivt         000C
__Lspace_0               (abs)        0000
__Lspace_1               (abs)        0000
__Lspace_2               (abs)        0000
__Lspace_3               (abs)        0000
__Lspace_4               (abs)        0000
__Lstack                 stack        0000
__Lstrings               strings      0000
__Ltext                  text         0000
__S0                     (abs)        1800
__S1                     (abs)        00B5
__S3                     (abs)        0000
__Umul8_16               text16       0806
__Umul8_16@multiplicand  cstackCOMMON 0072
__Umul8_16@multiplier    cstackBANK0  0024
__Umul8_16@product       cstackBANK0  0020
__Umul8_16@word_mpld     cstackBANK0  0022
___fladd                 text13       0374
___fladd@a               cstackBANK0  0044
___fladd@aexp            cstackBANK0  0051
___fladd@b               cstackBANK0  0040
___fladd@bexp            cstackBANK0  0052
___fladd@grs             cstackBANK0  0053
___fladd@signs           cstackBANK0  0050
___fldiv                 text3        05CC
___fldiv@a               cstackBANK0  0026
___fldiv@aexp            cstackBANK0  003F
___fldiv@b               cstackBANK0  002A
___fldiv@bexp            cstackBANK0  003E
___fldiv@grs             cstackBANK0  003A
___fldiv@new_exp         cstackBANK0  0038
___fldiv@rem             cstackBANK0  0033
___fldiv@sign            cstackBANK0  0037
___flge                  text17       0AB3
___flge@ff1              cstackCOMMON 0072
___flge@ff2              cstackCOMMON 0076
___flmul                 text15       002F
___flmul@a               cstackBANK0  0029
___flmul@aexp            cstackBANK0  0033
___flmul@b               cstackBANK0  0025
___flmul@bexp            cstackBANK0  0038
___flmul@grs             cstackBANK0  0034
___flmul@prod            cstackBANK0  0039
___flmul@sign            cstackBANK0  0032
___flmul@temp            cstackBANK0  003D
___flneg                 text14       176F
___flneg@f1              cstackCOMMON 0072
___flsub                 text12       17DC
___flsub@a               cstackBANK0  0054
___flsub@b               cstackBANK0  0058
___fltol                 text11       09B4
___fltol@exp1            cstackBANK0  0021
___fltol@f1              cstackCOMMON 0072
___fltol@sign1           cstackBANK0  0020
___heap_hi               (abs)        0000
___heap_lo               (abs)        0000
___int_sp                stack        0000
___int_stack_hi          stack        0000
___int_stack_lo          stack        0000
___latbits               (abs)        0002
___lldiv                 text20       08DF
___lldiv@counter         cstackBANK0  0025
___lldiv@dividend        cstackCOMMON 0076
___lldiv@divisor         cstackCOMMON 0072
___lldiv@quotient        cstackBANK0  0021
___llmod                 text19       0889
___llmod@counter         cstackBANK0  0021
___llmod@dividend        cstackCOMMON 0076
___llmod@divisor         cstackCOMMON 0072
___sp                    stack        0000
___stack_hi              stack        0000
___stack_lo              stack        0000
___stackhi               (abs)        0000
___stacklo               (abs)        0000
___xxtofl                text10       0C08
___xxtofl@arg            cstackBANK0  0022
___xxtofl@exp            cstackBANK0  0021
___xxtofl@sign           cstackBANK0  0020
___xxtofl@val            cstackCOMMON 0072
__end_of_ADC_Init        text24       1786
__end_of_ADC_Read        text23       0800
__end_of_LCD_Clear       text7        1798
__end_of_LCD_Float       text9        0DB9
__end_of_LCD_Goto        text8        0859
__end_of_LCD_Init        text6        0AB3
__end_of_LCD_Int         text18       0C08
__end_of_LCD_Write       text21       09B4
__end_of_PWM_Init        text5        17C1
__end_of__Umul8_16       text16       082F
__end_of___fladd         text13       05CC
__end_of___fldiv         text3        079B
__end_of___flge          text17       0B57
__end_of___flmul         text15       0374
__end_of___flneg         text14       177A
__end_of___flsub         text12       1800
__end_of___fltol         text11       0A2C
__end_of___lldiv         text20       0947
__end_of___llmod         text19       08DF
__end_of___xxtofl        text10       0CC2
__end_of__initialization cinit        002B
__end_of_bit_config      text22       07F2
__end_of_dht11_config    text4        17DC
__end_of_dht11_read      text1        1000
__end_of_dht11_read_byte text2        0889
__end_of_isr             text25       17AB
__end_of_main            maintext     0EC7
__initialization         cinit        000F
__pbssBANK0              bssBANK0     006D
__pbssBANK1              bssBANK1     00A0
__pcstackBANK0           cstackBANK0  0020
__pcstackCOMMON          cstackCOMMON 0070
__pdataBANK0             dataBANK0    006E
__pdataCOMMON            dataCOMMON   007A
__pidataBANK0            idataBANK0   0003
__pidataCOMMON           idataCOMMON  0804
__pintentry              intentry     0004
__pmaintext              maintext     0DB9
__ptext1                 text1        0EC7
__ptext10                text10       0C08
__ptext11                text11       09B4
__ptext12                text12       17DC
__ptext13                text13       0374
__ptext14                text14       176F
__ptext15                text15       002F
__ptext16                text16       0806
__ptext17                text17       0AB3
__ptext18                text18       0B57
__ptext19                text19       0889
__ptext2                 text2        0859
__ptext20                text20       08DF
__ptext21                text21       0947
__ptext22                text22       079B
__ptext23                text23       07F2
__ptext24                text24       177A
__ptext25                text25       1798
__ptext3                 text3        05CC
__ptext4                 text4        17C1
__ptext5                 text5        17AB
__ptext6                 text6        0A2C
__ptext7                 text7        1786
__ptext8                 text8        082F
__ptext9                 text9        0CC2
_bit_config              text22       079B
_dht11_aux               bssBANK0     006D
_dht11_byte              bssBANK1     00A0
_dht11_config            text4        17C1
_dht11_read              text1        0EC7
_dht11_read_byte         text2        0859
_duty_cycle              bssBANK1     00AB
_hum                     bssBANK1     00B1
_isr                     text25       1798
_led_on                  dataCOMMON   007A
_main                    maintext     0DB9
_pot_value               bssBANK1     00A9
_temp                    bssBANK1     00AD
_tick                    dataBANK0    006E
_tick_counter            bssBANK1     00A5
bit_config@bit_number    cstackBANK0  0024
bit_config@bit_value     cstackBANK0  0028
bit_config@word          cstackBANK0  0020
bit_config@word_temp     cstackCOMMON 0072
btemp                    (abs)        007E
clear_ram0               clrtext      1767
dht11_read@i             cstackBANK0  005E
dht11_read@phum          cstackBANK0  005D
dht11_read@ptemp         cstackBANK0  0054
dht11_read_byte@i        cstackCOMMON 0072
end_of_initialization    cinit        002B
interrupt_function       intentry     0004
intlevel0                functab      0000
intlevel1                functab      0000
intlevel2                functab      0000
intlevel3                functab      0000
intlevel4                functab      0000
intlevel5                functab      0000
reset_vec                reset_vec    0000
saved_w                  (abs)        007E
start                    init         000C
start_initialization     cinit        000F
wtemp0                   (abs)        007E


MODULE INFORMATION

Module		Function		Class		Link	Load	Size
C:\Program Files\Microchip\xc8\v2.46\pic\sources\c99\common\fltol.c
		___fltol       		CODE           	09B4	0000	120

C:\Program Files\Microchip\xc8\v2.46\pic\sources\c99\common\fltol.c estimated size: 120

C:\Program Files\Microchip\xc8\v2.46\pic\sources\c99\common\Umul8_16.c
		__Umul8_16     		CODE           	0806	0000	41

C:\Program Files\Microchip\xc8\v2.46\pic\sources\c99\common\Umul8_16.c estimated size: 41

C:\Program Files\Microchip\xc8\v2.46\pic\sources\c99\common\xxtofl.c
		___xxtofl      		CODE           	0C08	0000	186

C:\Program Files\Microchip\xc8\v2.46\pic\sources\c99\common\xxtofl.c estimated size: 186

C:\Program Files\Microchip\xc8\v2.46\pic\sources\c99\common\flneg.c
		___flneg       		CODE           	176F	0000	11

C:\Program Files\Microchip\xc8\v2.46\pic\sources\c99\common\flneg.c estimated size: 11

C:\Program Files\Microchip\xc8\v2.46\pic\sources\c99\common\sprcmul.c
		___flmul       		CODE           	002F	0000	837

C:\Program Files\Microchip\xc8\v2.46\pic\sources\c99\common\sprcmul.c estimated size: 837

C:\Program Files\Microchip\xc8\v2.46\pic\sources\c99\common\sprcdiv.c
		___fldiv       		CODE           	05CC	0000	463

C:\Program Files\Microchip\xc8\v2.46\pic\sources\c99\common\sprcdiv.c estimated size: 463

shared
		__initialization		CODE           	000F	0000	28

shared estimated size: 28

C:\Program Files\Microchip\xc8\v2.46\pic\sources\c99\common\__lldiv.c
		___lldiv       		CODE           	08DF	0000	104

C:\Program Files\Microchip\xc8\v2.46\pic\sources\c99\common\__lldiv.c estimated size: 104

lcd_msd.c
		_LCD_Init      		CODE           	0A2C	0000	135
		_bit_config    		CODE           	079B	0000	87
		_LCD_Clear     		CODE           	1786	0000	18
		_LCD_Int       		CODE           	0B57	0000	177
		_LCD_Goto      		CODE           	082F	0000	42
		_LCD_Write     		CODE           	0947	0000	109
		_LCD_Float     		CODE           	0CC2	0000	247

lcd_msd.c estimated size: 815

C:\Program Files\Microchip\xc8\v2.46\pic\sources\c99\common\sprcadd.c
		___flsub       		CODE           	17DC	0000	36
		___fladd       		CODE           	0374	0000	600

C:\Program Files\Microchip\xc8\v2.46\pic\sources\c99\common\sprcadd.c estimated size: 636

dht11.c
		_dht11_read    		CODE           	0EC7	0000	313
		_dht11_read_byte		CODE           	0859	0000	48
		_dht11_config  		CODE           	17C1	0000	27

dht11.c estimated size: 388

C:\Program Files\Microchip\xc8\v2.46\pic\sources\c99\common\llmod.c
		___llmod       		CODE           	0889	0000	86

C:\Program Files\Microchip\xc8\v2.46\pic\sources\c99\common\llmod.c estimated size: 86

main.c
		_main          		CODE           	0DB9	0000	270
		_isr           		CODE           	1798	0000	19
		_ADC_Read      		CODE           	07F2	0000	14
		_PWM_Init      		CODE           	17AB	0000	22
		_ADC_Init      		CODE           	177A	0000	12

main.c estimated size: 337

C:\Program Files\Microchip\xc8\v2.46\pic\sources\c99\common\flge.c
		___flge        		CODE           	0AB3	0000	164

C:\Program Files\Microchip\xc8\v2.46\pic\sources\c99\common\flge.c estimated size: 164

